// Jest Snapshot v1, https://goo.gl/fbAQLP

exports[`Snapshot of the Article component 1`] = `
<div
  className="content"
>
  <h2>
    Welcome!
  </h2>
  <p>
    This app is an exercise to demonstrate how to add authentication to a React app.
  </p>
  <div>
    <button
      aria-label={null}
      className="log-button btn btn-primary btn-lg"
      onClick={[Function]}
    >
      <a
        className="link-reach-router"
        href="/login"
        onClick={[Function]}
      >
        Log In
      </a>
    </button>
  </div>
</div>
`;
